xrun(64): 24.09-s013: (c) Copyright 1995-2025 Cadence Design Systems, Inc.
TOOL:	xrun(64)	24.09-s013: Started on Jun 15, 2026 at 13:58:59 -03
xrun
	-clean
	-64bit
	-v200x
	-v93
	AES_tb.sv
	-top AES_tb
	-access +rwc
	-exit
	-generic somador_tb:HALF_PERIOD_PS=>5000
	-generic somador_tb:WAIT_TIME_NS=>5000
xrun: *N,CLEAN: Removing existing directory ./xcelium.d.
file: AES_tb.sv
`include "frontend/s_box.sv"
                           |
xmvlog: *E,COFILX (AES.sv,1|27): cannot open include file 'frontend/s_box.sv'.
(`include file: AES.sv line 1, file: AES_tb.sv line 1)
`include "frontend/inv_s_box.sv"
                               |
xmvlog: *E,COFILX (AES.sv,2|31): cannot open include file 'frontend/inv_s_box.sv'.
(`include file: AES.sv line 2, file: AES_tb.sv line 1)
`include "frontend/g_funct.sv"
                             |
xmvlog: *E,COFILX (AES.sv,3|29): cannot open include file 'frontend/g_funct.sv'.
(`include file: AES.sv line 3, file: AES_tb.sv line 1)
`include "frontend/key_expansion.sv"
                                   |
xmvlog: *E,COFILX (AES.sv,4|35): cannot open include file 'frontend/key_expansion.sv'.
(`include file: AES.sv line 4, file: AES_tb.sv line 1)
`include "frontend/AES_encrypt.sv"
                                 |
xmvlog: *E,COFILX (AES.sv,5|33): cannot open include file 'frontend/AES_encrypt.sv'.
(`include file: AES.sv line 5, file: AES_tb.sv line 1)
`include "frontend/AES_decrypt.sv"
                                 |
xmvlog: *E,COFILX (AES.sv,6|33): cannot open include file 'frontend/AES_decrypt.sv'.
(`include file: AES.sv line 6, file: AES_tb.sv line 1)
	module worklib.AES:sv
		errors: 0, warnings: 0
	module worklib.AES_tb:sv
		errors: 0, warnings: 0
	Total errors/warnings found outside modules and primitives:
		errors: 6, warnings: 0
xrun: *E,VLGERR: An error occurred during parsing.  Review the log file for errors with the code *E and fix those identified problems to proceed.  Exiting with code (status 1).
TOOL:	xrun(64)	24.09-s013: Exiting on Jun 15, 2026 at 13:59:00 -03  (total: 00:00:01)
