xrun(64): 20.03-s001: (c) Copyright 1995-2020 Cadence Design Systems, Inc.
TOOL:	xrun(64)	20.03-s001: Started on Jun 02, 2026 at 16:05:45 -03
xrun
	-clean
	-64bit
	-v200x
	-v93
	-uvm
	-sv
	/home/clement/projets/adder/frontend/adder.sv
	-f /home/clement/projets/adder/verification/filelist.f
		/home/clement/projets/adder/verification/adder_if.sv
		/home/clement/projets/adder/verification/adder_sequence_item.sv
		/home/clement/projets/adder/verification/adder_sequence.sv
		/home/clement/projets/adder/verification/adder_driver.sv
		/home/clement/projets/adder/verification/adder_monitor.sv
		/home/clement/projets/adder/verification/adder_scoreboard.sv
		/home/clement/projets/adder/verification/adder_agent.sv
		/home/clement/projets/adder/verification/adder_env.sv
		/home/clement/projets/adder/verification/adder_test.sv
		/home/clement/projets/adder/verification/adder_top.sv
	-top adder_top
	-access +rwc
	-exit
	-coverage all
	-covoverwrite
	-covtest test
	-covworkdir cov_work
	-uvmhome CDNS-1.2
xrun: *N,CLEAN: Removing existing directory ./xcelium.d.
DEFINE std       ./STD
|
xrun: *W,DLCPTH (/home/u32br/tools/cadence/installs/XCELIUM2003/tools/inca/files/cdsvhdl.lib,1): cds.lib Permission denied '/home/u32br/tools/cadence/installs/XCELIUM2003/tools/inca/files/STD' (cds.lib command ignored).
DEFINE synopsys  ./SYNOPSYS
|
xrun: *W,DLCPTH (/home/u32br/tools/cadence/installs/XCELIUM2003/tools/inca/files/cdsvhdl.lib,2): cds.lib Permission denied '/home/u32br/tools/cadence/installs/XCELIUM2003/tools/inca/files/SYNOPSYS' (cds.lib command ignored).
DEFINE ieee      ./IEEE
|
xrun: *W,DLCPTH (/home/u32br/tools/cadence/installs/XCELIUM2003/tools/inca/files/cdsvhdl.lib,3): cds.lib Permission denied '/home/u32br/tools/cadence/installs/XCELIUM2003/tools/inca/files/IEEE' (cds.lib command ignored).
DEFINE ambit     ./AMBIT
|
xrun: *W,DLCPTH (/home/u32br/tools/cadence/installs/XCELIUM2003/tools/inca/files/cdsvhdl.lib,4): cds.lib Permission denied '/home/u32br/tools/cadence/installs/XCELIUM2003/tools/inca/files/AMBIT' (cds.lib command ignored).
DEFINE vital_memory ./VITAL_MEMORY
|
xrun: *W,DLCPTH (/home/u32br/tools/cadence/installs/XCELIUM2003/tools/inca/files/cdsvhdl.lib,5): cds.lib Permission denied '/home/u32br/tools/cadence/installs/XCELIUM2003/tools/inca/files/VITAL_MEMORY' (cds.lib command ignored).
DEFINE ncutils ./NCUTILS
|
xrun: *W,DLCPTH (/home/u32br/tools/cadence/installs/XCELIUM2003/tools/inca/files/cdsvhdl.lib,6): cds.lib Permission denied '/home/u32br/tools/cadence/installs/XCELIUM2003/tools/inca/files/NCUTILS' (cds.lib command ignored).
DEFINE ncinternal ./NCINTERNAL
|
xrun: *W,DLCPTH (/home/u32br/tools/cadence/installs/XCELIUM2003/tools/inca/files/cdsvhdl.lib,7): cds.lib Permission denied '/home/u32br/tools/cadence/installs/XCELIUM2003/tools/inca/files/NCINTERNAL' (cds.lib command ignored).
DEFINE ncmodels ./NCMODELS
|
xrun: *W,DLCPTH (/home/u32br/tools/cadence/installs/XCELIUM2003/tools/inca/files/cdsvhdl.lib,8): cds.lib Permission denied '/home/u32br/tools/cadence/installs/XCELIUM2003/tools/inca/files/NCMODELS' (cds.lib command ignored).
DEFINE xmutils ./XMUTILS
|
xrun: *W,DLCPTH (/home/u32br/tools/cadence/installs/XCELIUM2003/tools/inca/files/cdsvhdl.lib,9): cds.lib Permission denied '/home/u32br/tools/cadence/installs/XCELIUM2003/tools/inca/files/XMUTILS' (cds.lib command ignored).
DEFINE xminternal ./XMINTERNAL
|
xrun: *W,DLCPTH (/home/u32br/tools/cadence/installs/XCELIUM2003/tools/inca/files/cdsvhdl.lib,10): cds.lib Permission denied '/home/u32br/tools/cadence/installs/XCELIUM2003/tools/inca/files/XMINTERNAL' (cds.lib command ignored).
DEFINE xmmodels ./XMMODELS
|
xrun: *W,DLCPTH (/home/u32br/tools/cadence/installs/XCELIUM2003/tools/inca/files/cdsvhdl.lib,11): cds.lib Permission denied '/home/u32br/tools/cadence/installs/XCELIUM2003/tools/inca/files/XMMODELS' (cds.lib command ignored).
DEFINE cds_assertions ./CDS_ASSERTIONS
|
xrun: *W,DLCPTH (/home/u32br/tools/cadence/installs/XCELIUM2003/tools/inca/files/cdsvhdl.lib,12): cds.lib Permission denied '/home/u32br/tools/cadence/installs/XCELIUM2003/tools/inca/files/CDS_ASSERTIONS' (cds.lib command ignored).
DEFINE cds_inhconn ./CDS_INHCONN
|
xrun: *W,DLCPTH (/home/u32br/tools/cadence/installs/XCELIUM2003/tools/inca/files/cdsvhdl.lib,13): cds.lib Permission denied '/home/u32br/tools/cadence/installs/XCELIUM2003/tools/inca/files/CDS_INHCONN' (cds.lib command ignored).
DEFINE cds_spicelib ./CDS_SPICELIB
|
xrun: *W,DLCPTH (/home/u32br/tools/cadence/installs/XCELIUM2003/tools/inca/files/cdsvhdl.lib,14): cds.lib Permission denied '/home/u32br/tools/cadence/installs/XCELIUM2003/tools/inca/files/CDS_SPICELIB' (cds.lib command ignored).
DEFINE cds_amsfunctions ./CDS_AMSFUNCTIONS
|
xrun: *W,DLCPTH (/home/u32br/tools/cadence/installs/XCELIUM2003/tools/inca/files/cdsvhdl.lib,15): cds.lib Permission denied '/home/u32br/tools/cadence/installs/XCELIUM2003/tools/inca/files/CDS_AMSFUNCTIONS' (cds.lib command ignored).
define sdilib ./sdilib
|
xrun: *W,DLCPTH (/home/u32br/tools/cadence/installs/XCELIUM2003/tools/transrecord/files/cds.lib,1): cds.lib Permission denied '/home/u32br/tools/cadence/installs/XCELIUM2003/tools/transrecord/files/sdilib' (cds.lib command ignored).
DEFINE connectLib ./connectLib
|
xrun: *W,DLCPTH (/home/u32br/tools/cadence/installs/XCELIUM2003/tools/affirma_ams/etc/connect_lib/cds.lib,1): cds.lib Permission denied '/home/u32br/tools/cadence/installs/XCELIUM2003/tools/affirma_ams/etc/connect_lib/connectLib' (cds.lib command ignored).
DEFINE dmsLib ./dmsLib
|
xrun: *W,DLCPTH (/home/u32br/tools/cadence/installs/XCELIUM2003/tools/affirma_ams/etc/dms/cds.lib,1): cds.lib Permission denied '/home/u32br/tools/cadence/installs/XCELIUM2003/tools/affirma_ams/etc/dms/dmsLib' (cds.lib command ignored).
DEFINE std       ./STD
|
xrun: *W,DLCPTH (/home/u32br/tools/cadence/installs/XCELIUM2003/tools/inca/files/cdsvhdl.lib,1): cds.lib Permission denied '/home/u32br/tools/cadence/installs/XCELIUM2003/tools/inca/files/STD' (cds.lib command ignored).
DEFINE synopsys  ./SYNOPSYS
|
xrun: *W,DLCPTH (/home/u32br/tools/cadence/installs/XCELIUM2003/tools/inca/files/cdsvhdl.lib,2): cds.lib Permission denied '/home/u32br/tools/cadence/installs/XCELIUM2003/tools/inca/files/SYNOPSYS' (cds.lib command ignored).
DEFINE ieee      ./IEEE
|
xrun: *W,DLCPTH (/home/u32br/tools/cadence/installs/XCELIUM2003/tools/inca/files/cdsvhdl.lib,3): cds.lib Permission denied '/home/u32br/tools/cadence/installs/XCELIUM2003/tools/inca/files/IEEE' (cds.lib command ignored).
DEFINE ambit     ./AMBIT
|
xrun: *W,DLCPTH (/home/u32br/tools/cadence/installs/XCELIUM2003/tools/inca/files/cdsvhdl.lib,4): cds.lib Permission denied '/home/u32br/tools/cadence/installs/XCELIUM2003/tools/inca/files/AMBIT' (cds.lib command ignored).
DEFINE vital_memory ./VITAL_MEMORY
|
xrun: *W,DLCPTH (/home/u32br/tools/cadence/installs/XCELIUM2003/tools/inca/files/cdsvhdl.lib,5): cds.lib Permission denied '/home/u32br/tools/cadence/installs/XCELIUM2003/tools/inca/files/VITAL_MEMORY' (cds.lib command ignored).
DEFINE ncutils ./NCUTILS
|
xrun: *W,DLCPTH (/home/u32br/tools/cadence/installs/XCELIUM2003/tools/inca/files/cdsvhdl.lib,6): cds.lib Permission denied '/home/u32br/tools/cadence/installs/XCELIUM2003/tools/inca/files/NCUTILS' (cds.lib command ignored).
DEFINE ncinternal ./NCINTERNAL
|
xrun: *W,DLCPTH (/home/u32br/tools/cadence/installs/XCELIUM2003/tools/inca/files/cdsvhdl.lib,7): cds.lib Permission denied '/home/u32br/tools/cadence/installs/XCELIUM2003/tools/inca/files/NCINTERNAL' (cds.lib command ignored).
DEFINE ncmodels ./NCMODELS
|
xrun: *W,DLCPTH (/home/u32br/tools/cadence/installs/XCELIUM2003/tools/inca/files/cdsvhdl.lib,8): cds.lib Permission denied '/home/u32br/tools/cadence/installs/XCELIUM2003/tools/inca/files/NCMODELS' (cds.lib command ignored).
DEFINE xmutils ./XMUTILS
|
xrun: *W,DLCPTH (/home/u32br/tools/cadence/installs/XCELIUM2003/tools/inca/files/cdsvhdl.lib,9): cds.lib Permission denied '/home/u32br/tools/cadence/installs/XCELIUM2003/tools/inca/files/XMUTILS' (cds.lib command ignored).
DEFINE xminternal ./XMINTERNAL
|
xrun: *W,DLCPTH (/home/u32br/tools/cadence/installs/XCELIUM2003/tools/inca/files/cdsvhdl.lib,10): cds.lib Permission denied '/home/u32br/tools/cadence/installs/XCELIUM2003/tools/inca/files/XMINTERNAL' (cds.lib command ignored).
DEFINE xmmodels ./XMMODELS
|
xrun: *W,DLCPTH (/home/u32br/tools/cadence/installs/XCELIUM2003/tools/inca/files/cdsvhdl.lib,11): cds.lib Permission denied '/home/u32br/tools/cadence/installs/XCELIUM2003/tools/inca/files/XMMODELS' (cds.lib command ignored).
DEFINE cds_assertions ./CDS_ASSERTIONS
|
xrun: *W,DLCPTH (/home/u32br/tools/cadence/installs/XCELIUM2003/tools/inca/files/cdsvhdl.lib,12): cds.lib Permission denied '/home/u32br/tools/cadence/installs/XCELIUM2003/tools/inca/files/CDS_ASSERTIONS' (cds.lib command ignored).
DEFINE cds_inhconn ./CDS_INHCONN
|
xrun: *W,DLCPTH (/home/u32br/tools/cadence/installs/XCELIUM2003/tools/inca/files/cdsvhdl.lib,13): cds.lib Permission denied '/home/u32br/tools/cadence/installs/XCELIUM2003/tools/inca/files/CDS_INHCONN' (cds.lib command ignored).
DEFINE cds_spicelib ./CDS_SPICELIB
|
xrun: *W,DLCPTH (/home/u32br/tools/cadence/installs/XCELIUM2003/tools/inca/files/cdsvhdl.lib,14): cds.lib Permission denied '/home/u32br/tools/cadence/installs/XCELIUM2003/tools/inca/files/CDS_SPICELIB' (cds.lib command ignored).
DEFINE cds_amsfunctions ./CDS_AMSFUNCTIONS
|
xrun: *W,DLCPTH (/home/u32br/tools/cadence/installs/XCELIUM2003/tools/inca/files/cdsvhdl.lib,15): cds.lib Permission denied '/home/u32br/tools/cadence/installs/XCELIUM2003/tools/inca/files/CDS_AMSFUNCTIONS' (cds.lib command ignored).
define sdilib ./sdilib
|
xrun: *W,DLCPTH (/home/u32br/tools/cadence/installs/XCELIUM2003/tools/transrecord/files/cds.lib,1): cds.lib Permission denied '/home/u32br/tools/cadence/installs/XCELIUM2003/tools/transrecord/files/sdilib' (cds.lib command ignored).
DEFINE connectLib ./connectLib
|
xrun: *W,DLCPTH (/home/u32br/tools/cadence/installs/XCELIUM2003/tools/affirma_ams/etc/connect_lib/cds.lib,1): cds.lib Permission denied '/home/u32br/tools/cadence/installs/XCELIUM2003/tools/affirma_ams/etc/connect_lib/connectLib' (cds.lib command ignored).
DEFINE dmsLib ./dmsLib
|
xrun: *W,DLCPTH (/home/u32br/tools/cadence/installs/XCELIUM2003/tools/affirma_ams/etc/dms/cds.lib,1): cds.lib Permission denied '/home/u32br/tools/cadence/installs/XCELIUM2003/tools/affirma_ams/etc/dms/dmsLib' (cds.lib command ignored).
DEFINE std       ./STD
|
xrun: *W,DLCPTH (/home/u32br/tools/cadence/installs/XCELIUM2003/tools/inca/files/cdsvhdl.lib,1): cds.lib Permission denied '/home/u32br/tools/cadence/installs/XCELIUM2003/tools/inca/files/STD' (cds.lib command ignored).
DEFINE synopsys  ./SYNOPSYS
|
xrun: *W,DLCPTH (/home/u32br/tools/cadence/installs/XCELIUM2003/tools/inca/files/cdsvhdl.lib,2): cds.lib Permission denied '/home/u32br/tools/cadence/installs/XCELIUM2003/tools/inca/files/SYNOPSYS' (cds.lib command ignored).
DEFINE ieee      ./IEEE
|
xrun: *W,DLCPTH (/home/u32br/tools/cadence/installs/XCELIUM2003/tools/inca/files/cdsvhdl.lib,3): cds.lib Permission denied '/home/u32br/tools/cadence/installs/XCELIUM2003/tools/inca/files/IEEE' (cds.lib command ignored).
DEFINE ambit     ./AMBIT
|
xrun: *W,DLCPTH (/home/u32br/tools/cadence/installs/XCELIUM2003/tools/inca/files/cdsvhdl.lib,4): cds.lib Permission denied '/home/u32br/tools/cadence/installs/XCELIUM2003/tools/inca/files/AMBIT' (cds.lib command ignored).
DEFINE vital_memory ./VITAL_MEMORY
|
xrun: *W,DLCPTH (/home/u32br/tools/cadence/installs/XCELIUM2003/tools/inca/files/cdsvhdl.lib,5): cds.lib Permission denied '/home/u32br/tools/cadence/installs/XCELIUM2003/tools/inca/files/VITAL_MEMORY' (cds.lib command ignored).
DEFINE ncutils ./NCUTILS
|
xrun: *W,DLCPTH (/home/u32br/tools/cadence/installs/XCELIUM2003/tools/inca/files/cdsvhdl.lib,6): cds.lib Permission denied '/home/u32br/tools/cadence/installs/XCELIUM2003/tools/inca/files/NCUTILS' (cds.lib command ignored).
DEFINE ncinternal ./NCINTERNAL
|
xrun: *W,DLCPTH (/home/u32br/tools/cadence/installs/XCELIUM2003/tools/inca/files/cdsvhdl.lib,7): cds.lib Permission denied '/home/u32br/tools/cadence/installs/XCELIUM2003/tools/inca/files/NCINTERNAL' (cds.lib command ignored).
DEFINE ncmodels ./NCMODELS
|
xrun: *W,DLCPTH (/home/u32br/tools/cadence/installs/XCELIUM2003/tools/inca/files/cdsvhdl.lib,8): cds.lib Permission denied '/home/u32br/tools/cadence/installs/XCELIUM2003/tools/inca/files/NCMODELS' (cds.lib command ignored).
DEFINE xmutils ./XMUTILS
|
xrun: *W,DLCPTH (/home/u32br/tools/cadence/installs/XCELIUM2003/tools/inca/files/cdsvhdl.lib,9): cds.lib Permission denied '/home/u32br/tools/cadence/installs/XCELIUM2003/tools/inca/files/XMUTILS' (cds.lib command ignored).
DEFINE xminternal ./XMINTERNAL
|
xrun: *W,DLCPTH (/home/u32br/tools/cadence/installs/XCELIUM2003/tools/inca/files/cdsvhdl.lib,10): cds.lib Permission denied '/home/u32br/tools/cadence/installs/XCELIUM2003/tools/inca/files/XMINTERNAL' (cds.lib command ignored).
DEFINE xmmodels ./XMMODELS
|
xrun: *W,DLCPTH (/home/u32br/tools/cadence/installs/XCELIUM2003/tools/inca/files/cdsvhdl.lib,11): cds.lib Permission denied '/home/u32br/tools/cadence/installs/XCELIUM2003/tools/inca/files/XMMODELS' (cds.lib command ignored).
DEFINE cds_assertions ./CDS_ASSERTIONS
|
xrun: *W,DLCPTH (/home/u32br/tools/cadence/installs/XCELIUM2003/tools/inca/files/cdsvhdl.lib,12): cds.lib Permission denied '/home/u32br/tools/cadence/installs/XCELIUM2003/tools/inca/files/CDS_ASSERTIONS' (cds.lib command ignored).
DEFINE cds_inhconn ./CDS_INHCONN
|
xrun: *W,DLCPTH (/home/u32br/tools/cadence/installs/XCELIUM2003/tools/inca/files/cdsvhdl.lib,13): cds.lib Permission denied '/home/u32br/tools/cadence/installs/XCELIUM2003/tools/inca/files/CDS_INHCONN' (cds.lib command ignored).
DEFINE cds_spicelib ./CDS_SPICELIB
|
xrun: *W,DLCPTH (/home/u32br/tools/cadence/installs/XCELIUM2003/tools/inca/files/cdsvhdl.lib,14): cds.lib Permission denied '/home/u32br/tools/cadence/installs/XCELIUM2003/tools/inca/files/CDS_SPICELIB' (cds.lib command ignored).
DEFINE cds_amsfunctions ./CDS_AMSFUNCTIONS
|
xrun: *W,DLCPTH (/home/u32br/tools/cadence/installs/XCELIUM2003/tools/inca/files/cdsvhdl.lib,15): cds.lib Permission denied '/home/u32br/tools/cadence/installs/XCELIUM2003/tools/inca/files/CDS_AMSFUNCTIONS' (cds.lib command ignored).
define sdilib ./sdilib
|
xrun: *W,DLCPTH (/home/u32br/tools/cadence/installs/XCELIUM2003/tools/transrecord/files/cds.lib,1): cds.lib Permission denied '/home/u32br/tools/cadence/installs/XCELIUM2003/tools/transrecord/files/sdilib' (cds.lib command ignored).
DEFINE connectLib ./connectLib
|
xrun: *W,DLCPTH (/home/u32br/tools/cadence/installs/XCELIUM2003/tools/affirma_ams/etc/connect_lib/cds.lib,1): cds.lib Permission denied '/home/u32br/tools/cadence/installs/XCELIUM2003/tools/affirma_ams/etc/connect_lib/connectLib' (cds.lib command ignored).
DEFINE dmsLib ./dmsLib
|
xrun: *W,DLCPTH (/home/u32br/tools/cadence/installs/XCELIUM2003/tools/affirma_ams/etc/dms/cds.lib,1): cds.lib Permission denied '/home/u32br/tools/cadence/installs/XCELIUM2003/tools/affirma_ams/etc/dms/dmsLib' (cds.lib command ignored).
xrun: *E,UVMHOME: Unable to access the UVM home directory (CDNS-1.2).
TOOL:	xrun(64)	20.03-s001: Exiting on Jun 02, 2026 at 16:05:45 -03  (total: 00:00:00)
